format_currency_number


1 => 1.00

1.9 => 1.90

1.99 => 1.99

1000 => 1,000.00

999.99 => 999.99

1001.23 => 1,001.23

1.001e+06 => 1,001,001.01

10001.1 => 10,001.10

10000 => 10,000.00

7500 => 7,500.00

1.23457e+06 => 1,234,567.89

1.23457e+07 => 12,345,678.90


